11:24:50:410  INFO 9436 --- [main] com.hmall.gateway.GatewayApplication     : The following 1 profile is active: "dev"
11:24:51:011 ERROR 9436 --- [main] o.s.boot.SpringApplication               : Application run failed

java.lang.IllegalStateException: Error processing condition on org.springframework.boot.autoconfigure.jmx.JmxAutoConfiguration.mbeanExporter
	at org.springframework.boot.autoconfigure.condition.SpringBootCondition.matches(SpringBootCondition.java:60) ~[spring-boot-autoconfigure-2.7.12.jar:2.7.12]
	at org.springframework.context.annotation.ConditionEvaluator.shouldSkip(ConditionEvaluator.java:108) ~[spring-context-5.3.27.jar:5.3.27]
	at org.springframework.context.annotation.ConfigurationClassBeanDefinitionReader.loadBeanDefinitionsForBeanMethod(ConfigurationClassBeanDefinitionReader.java:193) ~[spring-context-5.3.27.jar:5.3.27]
	at org.springframework.context.annotation.ConfigurationClassBeanDefinitionReader.loadBeanDefinitionsForConfigurationClass(ConfigurationClassBeanDefinitionReader.java:153) ~[spring-context-5.3.27.jar:5.3.27]
	at org.springframework.context.annotation.ConfigurationClassBeanDefinitionReader.loadBeanDefinitions(ConfigurationClassBeanDefinitionReader.java:129) ~[spring-context-5.3.27.jar:5.3.27]
	at org.springframework.context.annotation.ConfigurationClassPostProcessor.processConfigBeanDefinitions(ConfigurationClassPostProcessor.java:343) ~[spring-context-5.3.27.jar:5.3.27]
	at org.springframework.context.annotation.ConfigurationClassPostProcessor.postProcessBeanDefinitionRegistry(ConfigurationClassPostProcessor.java:247) ~[spring-context-5.3.27.jar:5.3.27]
	at org.springframework.context.support.PostProcessorRegistrationDelegate.invokeBeanDefinitionRegistryPostProcessors(PostProcessorRegistrationDelegate.java:311) ~[spring-context-5.3.27.jar:5.3.27]
	at org.springframework.context.support.PostProcessorRegistrationDelegate.invokeBeanFactoryPostProcessors(PostProcessorRegistrationDelegate.java:112) ~[spring-context-5.3.27.jar:5.3.27]
	at org.springframework.context.support.AbstractApplicationContext.invokeBeanFactoryPostProcessors(AbstractApplicationContext.java:748) ~[spring-context-5.3.27.jar:5.3.27]
	at org.springframework.context.support.AbstractApplicationContext.refresh(AbstractApplicationContext.java:564) ~[spring-context-5.3.27.jar:5.3.27]
	at org.springframework.boot.web.reactive.context.ReactiveWebServerApplicationContext.refresh(ReactiveWebServerApplicationContext.java:66) ~[spring-boot-2.7.12.jar:2.7.12]
	at org.springframework.boot.SpringApplication.refresh(SpringApplication.java:731) ~[spring-boot-2.7.12.jar:2.7.12]
	at org.springframework.boot.SpringApplication.refreshContext(SpringApplication.java:408) ~[spring-boot-2.7.12.jar:2.7.12]
	at org.springframework.boot.SpringApplication.run(SpringApplication.java:307) ~[spring-boot-2.7.12.jar:2.7.12]
	at org.springframework.boot.SpringApplication.run(SpringApplication.java:1303) ~[spring-boot-2.7.12.jar:2.7.12]
	at org.springframework.boot.SpringApplication.run(SpringApplication.java:1292) ~[spring-boot-2.7.12.jar:2.7.12]
	at com.hmall.gateway.GatewayApplication.main(GatewayApplication.java:10) ~[classes/:na]
Caused by: java.lang.IllegalStateException: Failed to introspect Class [com.hmall.common.config.MqConfig] from ClassLoader [jdk.internal.loader.ClassLoaders$AppClassLoader@2437c6dc]
	at org.springframework.util.ReflectionUtils.getDeclaredMethods(ReflectionUtils.java:485) ~[spring-core-5.3.27.jar:5.3.27]
	at org.springframework.util.ReflectionUtils.doWithMethods(ReflectionUtils.java:361) ~[spring-core-5.3.27.jar:5.3.27]
	at org.springframework.util.ReflectionUtils.getUniqueDeclaredMethods(ReflectionUtils.java:418) ~[spring-core-5.3.27.jar:5.3.27]
	at org.springframework.beans.factory.support.AbstractAutowireCapableBeanFactory.lambda$getTypeForFactoryMethod$2(AbstractAutowireCapableBeanFactory.java:765) ~[spring-beans-5.3.27.jar:5.3.27]
	at java.base/java.util.concurrent.ConcurrentHashMap.computeIfAbsent(ConcurrentHashMap.java:1705) ~[na:na]
	at org.springframework.beans.factory.support.AbstractAutowireCapableBeanFactory.getTypeForFactoryMethod(AbstractAutowireCapableBeanFactory.java:764) ~[spring-beans-5.3.27.jar:5.3.27]
	at org.springframework.beans.factory.support.AbstractAutowireCapableBeanFactory.determineTargetType(AbstractAutowireCapableBeanFactory.java:703) ~[spring-beans-5.3.27.jar:5.3.27]
	at org.springframework.beans.factory.support.AbstractAutowireCapableBeanFactory.predictBeanType(AbstractAutowireCapableBeanFactory.java:674) ~[spring-beans-5.3.27.jar:5.3.27]
	at org.springframework.beans.factory.support.AbstractBeanFactory.isFactoryBean(AbstractBeanFactory.java:1684) ~[spring-beans-5.3.27.jar:5.3.27]
	at org.springframework.beans.factory.support.DefaultListableBeanFactory.doGetBeanNamesForType(DefaultListableBeanFactory.java:570) ~[spring-beans-5.3.27.jar:5.3.27]
	at org.springframework.beans.factory.support.DefaultListableBeanFactory.getBeanNamesForType(DefaultListableBeanFactory.java:542) ~[spring-beans-5.3.27.jar:5.3.27]
	at org.springframework.boot.autoconfigure.condition.OnBeanCondition.collectBeanNamesForType(OnBeanCondition.java:246) ~[spring-boot-autoconfigure-2.7.12.jar:2.7.12]
	at org.springframework.boot.autoconfigure.condition.OnBeanCondition.getBeanNamesForType(OnBeanCondition.java:239) ~[spring-boot-autoconfigure-2.7.12.jar:2.7.12]
	at org.springframework.boot.autoconfigure.condition.OnBeanCondition.getBeanNamesForType(OnBeanCondition.java:229) ~[spring-boot-autoconfigure-2.7.12.jar:2.7.12]
	at org.springframework.boot.autoconfigure.condition.OnBeanCondition.getMatchingBeans(OnBeanCondition.java:182) ~[spring-boot-autoconfigure-2.7.12.jar:2.7.12]
	at org.springframework.boot.autoconfigure.condition.OnBeanCondition.getMatchOutcome(OnBeanCondition.java:157) ~[spring-boot-autoconfigure-2.7.12.jar:2.7.12]
	at org.springframework.boot.autoconfigure.condition.SpringBootCondition.matches(SpringBootCondition.java:47) ~[spring-boot-autoconfigure-2.7.12.jar:2.7.12]
	... 17 common frames omitted
Caused by: java.lang.NoClassDefFoundError: org/springframework/amqp/support/converter/MessageConverter
	at java.base/java.lang.Class.getDeclaredMethods0(Native Method) ~[na:na]
	at java.base/java.lang.Class.privateGetDeclaredMethods(Class.java:3167) ~[na:na]
	at java.base/java.lang.Class.getDeclaredMethods(Class.java:2310) ~[na:na]
	at org.springframework.util.ReflectionUtils.getDeclaredMethods(ReflectionUtils.java:467) ~[spring-core-5.3.27.jar:5.3.27]
	... 33 common frames omitted
Caused by: java.lang.ClassNotFoundException: org.springframework.amqp.support.converter.MessageConverter
	at java.base/jdk.internal.loader.BuiltinClassLoader.loadClass(BuiltinClassLoader.java:582) ~[na:na]
	at java.base/jdk.internal.loader.ClassLoaders$AppClassLoader.loadClass(ClassLoaders.java:178) ~[na:na]
	at java.base/java.lang.ClassLoader.loadClass(ClassLoader.java:521) ~[na:na]
	... 37 common frames omitted

11:24:51:014  WARN 9436 --- [main] o.s.boot.SpringApplication               : Unable to close ApplicationContext

java.lang.IllegalStateException: Failed to introspect Class [com.hmall.common.config.MqConfig] from ClassLoader [jdk.internal.loader.ClassLoaders$AppClassLoader@2437c6dc]
	at org.springframework.util.ReflectionUtils.getDeclaredMethods(ReflectionUtils.java:485) ~[spring-core-5.3.27.jar:5.3.27]
	at org.springframework.util.ReflectionUtils.doWithMethods(ReflectionUtils.java:361) ~[spring-core-5.3.27.jar:5.3.27]
	at org.springframework.util.ReflectionUtils.getUniqueDeclaredMethods(ReflectionUtils.java:418) ~[spring-core-5.3.27.jar:5.3.27]
	at org.springframework.beans.factory.support.AbstractAutowireCapableBeanFactory.lambda$getTypeForFactoryMethod$2(AbstractAutowireCapableBeanFactory.java:765) ~[spring-beans-5.3.27.jar:5.3.27]
	at java.base/java.util.concurrent.ConcurrentHashMap.computeIfAbsent(ConcurrentHashMap.java:1705) ~[na:na]
	at org.springframework.beans.factory.support.AbstractAutowireCapableBeanFactory.getTypeForFactoryMethod(AbstractAutowireCapableBeanFactory.java:764) ~[spring-beans-5.3.27.jar:5.3.27]
	at org.springframework.beans.factory.support.AbstractAutowireCapableBeanFactory.determineTargetType(AbstractAutowireCapableBeanFactory.java:703) ~[spring-beans-5.3.27.jar:5.3.27]
	at org.springframework.beans.factory.support.AbstractAutowireCapableBeanFactory.predictBeanType(AbstractAutowireCapableBeanFactory.java:674) ~[spring-beans-5.3.27.jar:5.3.27]
	at org.springframework.beans.factory.support.AbstractBeanFactory.isFactoryBean(AbstractBeanFactory.java:1684) ~[spring-beans-5.3.27.jar:5.3.27]
	at org.springframework.beans.factory.support.DefaultListableBeanFactory.doGetBeanNamesForType(DefaultListableBeanFactory.java:570) ~[spring-beans-5.3.27.jar:5.3.27]
	at org.springframework.beans.factory.support.DefaultListableBeanFactory.getBeanNamesForType(DefaultListableBeanFactory.java:542) ~[spring-beans-5.3.27.jar:5.3.27]
	at org.springframework.beans.factory.support.DefaultListableBeanFactory.getBeansOfType(DefaultListableBeanFactory.java:669) ~[spring-beans-5.3.27.jar:5.3.27]
	at org.springframework.beans.factory.support.DefaultListableBeanFactory.getBeansOfType(DefaultListableBeanFactory.java:661) ~[spring-beans-5.3.27.jar:5.3.27]
	at org.springframework.context.support.AbstractApplicationContext.getBeansOfType(AbstractApplicationContext.java:1302) ~[spring-context-5.3.27.jar:5.3.27]
	at org.springframework.boot.SpringApplication.getExitCodeFromMappedException(SpringApplication.java:864) ~[spring-boot-2.7.12.jar:2.7.12]
	at org.springframework.boot.SpringApplication.getExitCodeFromException(SpringApplication.java:852) ~[spring-boot-2.7.12.jar:2.7.12]
	at org.springframework.boot.SpringApplication.handleExitCode(SpringApplication.java:839) ~[spring-boot-2.7.12.jar:2.7.12]
	at org.springframework.boot.SpringApplication.handleRunFailure(SpringApplication.java:779) ~[spring-boot-2.7.12.jar:2.7.12]
	at org.springframework.boot.SpringApplication.run(SpringApplication.java:317) ~[spring-boot-2.7.12.jar:2.7.12]
	at org.springframework.boot.SpringApplication.run(SpringApplication.java:1303) ~[spring-boot-2.7.12.jar:2.7.12]
	at org.springframework.boot.SpringApplication.run(SpringApplication.java:1292) ~[spring-boot-2.7.12.jar:2.7.12]
	at com.hmall.gateway.GatewayApplication.main(GatewayApplication.java:10) ~[classes/:na]
Caused by: java.lang.NoClassDefFoundError: org/springframework/amqp/support/converter/MessageConverter
	at java.base/java.lang.Class.getDeclaredMethods0(Native Method) ~[na:na]
	at java.base/java.lang.Class.privateGetDeclaredMethods(Class.java:3167) ~[na:na]
	at java.base/java.lang.Class.getDeclaredMethods(Class.java:2310) ~[na:na]
	at org.springframework.util.ReflectionUtils.getDeclaredMethods(ReflectionUtils.java:467) ~[spring-core-5.3.27.jar:5.3.27]
	... 21 common frames omitted
Caused by: java.lang.ClassNotFoundException: org.springframework.amqp.support.converter.MessageConverter
	at java.base/jdk.internal.loader.BuiltinClassLoader.loadClass(BuiltinClassLoader.java:582) ~[na:na]
	at java.base/jdk.internal.loader.ClassLoaders$AppClassLoader.loadClass(ClassLoaders.java:178) ~[na:na]
	at java.base/java.lang.ClassLoader.loadClass(ClassLoader.java:521) ~[na:na]
	... 25 common frames omitted

11:24:51:014  WARN 9436 --- [Thread-1] c.a.n.common.http.HttpClientBeanHolder   : [HttpClientBeanHolder] Start destroying common HttpClient
11:24:51:015  WARN 9436 --- [Thread-5] c.a.nacos.common.notify.NotifyCenter     : [NotifyCenter] Start destroying Publisher
11:24:51:015  WARN 9436 --- [Thread-5] c.a.nacos.common.notify.NotifyCenter     : [NotifyCenter] Destruction of the end
11:30:30:742  INFO 6072 --- [main] com.hmall.gateway.GatewayApplication     : The following 1 profile is active: "dev"
11:30:31:187  INFO 6072 --- [main] o.s.cloud.context.scope.GenericScope     : BeanFactory id=f3992655-5d5d-3628-8942-d79751412408
11:30:31:221  INFO 6072 --- [main] trationDelegate$BeanPostProcessorChecker : Bean 'org.springframework.cloud.client.loadbalancer.reactive.LoadBalancerBeanPostProcessorAutoConfiguration' of type [org.springframework.cloud.client.loadbalancer.reactive.LoadBalancerBeanPostProcessorAutoConfiguration] is not eligible for getting processed by all BeanPostProcessors (for example: not eligible for auto-proxying)
11:30:31:222  INFO 6072 --- [main] trationDelegate$BeanPostProcessorChecker : Bean 'org.springframework.cloud.client.loadbalancer.reactive.LoadBalancerBeanPostProcessorAutoConfiguration$ReactorDeferringLoadBalancerFilterConfig' of type [org.springframework.cloud.client.loadbalancer.reactive.LoadBalancerBeanPostProcessorAutoConfiguration$ReactorDeferringLoadBalancerFilterConfig] is not eligible for getting processed by all BeanPostProcessors (for example: not eligible for auto-proxying)
11:30:31:223  INFO 6072 --- [main] trationDelegate$BeanPostProcessorChecker : Bean 'reactorDeferringLoadBalancerExchangeFilterFunction' of type [org.springframework.cloud.client.loadbalancer.reactive.DeferringLoadBalancerExchangeFilterFunction] is not eligible for getting processed by all BeanPostProcessors (for example: not eligible for auto-proxying)
11:30:31:714 DEBUG 6072 --- [main] c.h.gateway.routers.DynamicRouteLoader   : 监听到路由配置变更:[
    {
        "id": "item",
        "predicates": [{
            "name": "Path",
            "args": {"_genkey_0":"/items/**", "_genkey_1":"/search/**"}
        }],
        "filters": [],
        "uri": "lb://item-service"
    },
    {
        "id": "cart",
        "predicates": [{
            "name": "Path",
            "args": {"_genkey_0":"/carts/**"}
        }],
        "filters": [],
        "uri": "lb://cart-service"
    },
    {
        "id": "user",
        "predicates": [{
            "name": "Path",
            "args": {"_genkey_0":"/users/**", "_genkey_1":"/addresses/**"}
        }],
        "filters": [],
        "uri": "lb://user-service"
    },
    {
        "id": "trade",
        "predicates": [{
            "name": "Path",
            "args": {"_genkey_0":"/orders/**"}
        }],
        "filters": [],
        "uri": "lb://trade-service"
    },
    {
        "id": "pay",
        "predicates": [{
            "name": "Path",
            "args": {"_genkey_0":"/pay-orders/**"}
        }],
        "filters": [],
        "uri": "lb://pay-service"
    }
]
11:30:32:667  INFO 6072 --- [main] o.s.c.g.r.RouteDefinitionRouteLocator    : Loaded RoutePredicateFactory [After]
11:30:32:667  INFO 6072 --- [main] o.s.c.g.r.RouteDefinitionRouteLocator    : Loaded RoutePredicateFactory [Before]
11:30:32:667  INFO 6072 --- [main] o.s.c.g.r.RouteDefinitionRouteLocator    : Loaded RoutePredicateFactory [Between]
11:30:32:667  INFO 6072 --- [main] o.s.c.g.r.RouteDefinitionRouteLocator    : Loaded RoutePredicateFactory [Cookie]
11:30:32:669  INFO 6072 --- [main] o.s.c.g.r.RouteDefinitionRouteLocator    : Loaded RoutePredicateFactory [Header]
11:30:32:669  INFO 6072 --- [main] o.s.c.g.r.RouteDefinitionRouteLocator    : Loaded RoutePredicateFactory [Host]
11:30:32:669  INFO 6072 --- [main] o.s.c.g.r.RouteDefinitionRouteLocator    : Loaded RoutePredicateFactory [Method]
11:30:32:669  INFO 6072 --- [main] o.s.c.g.r.RouteDefinitionRouteLocator    : Loaded RoutePredicateFactory [Path]
11:30:32:669  INFO 6072 --- [main] o.s.c.g.r.RouteDefinitionRouteLocator    : Loaded RoutePredicateFactory [Query]
11:30:32:669  INFO 6072 --- [main] o.s.c.g.r.RouteDefinitionRouteLocator    : Loaded RoutePredicateFactory [ReadBody]
11:30:32:669  INFO 6072 --- [main] o.s.c.g.r.RouteDefinitionRouteLocator    : Loaded RoutePredicateFactory [RemoteAddr]
11:30:32:669  INFO 6072 --- [main] o.s.c.g.r.RouteDefinitionRouteLocator    : Loaded RoutePredicateFactory [XForwardedRemoteAddr]
11:30:32:669  INFO 6072 --- [main] o.s.c.g.r.RouteDefinitionRouteLocator    : Loaded RoutePredicateFactory [Weight]
11:30:32:669  INFO 6072 --- [main] o.s.c.g.r.RouteDefinitionRouteLocator    : Loaded RoutePredicateFactory [CloudFoundryRouteService]
11:30:33:299  INFO 6072 --- [main] com.alibaba.nacos.common.remote.client   : [RpcClientFactory] create a new rpc client of d514de73-8b1a-4179-be1b-5cafde6e7d09
11:30:33:299  INFO 6072 --- [main] com.alibaba.nacos.common.remote.client   : [d514de73-8b1a-4179-be1b-5cafde6e7d09] RpcClient init label, labels = {module=naming, source=sdk}
11:30:33:301  INFO 6072 --- [main] com.alibaba.nacos.common.remote.client   : [d514de73-8b1a-4179-be1b-5cafde6e7d09] RpcClient init, ServerListFactory = com.alibaba.nacos.client.naming.core.ServerListManager
11:30:33:301  INFO 6072 --- [main] com.alibaba.nacos.common.remote.client   : [d514de73-8b1a-4179-be1b-5cafde6e7d09] Registry connection listener to current client:com.alibaba.nacos.client.naming.remote.gprc.redo.NamingGrpcRedoService
11:30:33:301  INFO 6072 --- [main] com.alibaba.nacos.common.remote.client   : [d514de73-8b1a-4179-be1b-5cafde6e7d09] Register server push request handler:com.alibaba.nacos.client.naming.remote.gprc.NamingPushRequestHandler
11:30:33:302  INFO 6072 --- [main] com.alibaba.nacos.common.remote.client   : [d514de73-8b1a-4179-be1b-5cafde6e7d09] Try to connect to server on start up, server: {serverIp = '192.168.86.130', server main port = 8848}
11:30:33:443  INFO 6072 --- [main] com.alibaba.nacos.common.remote.client   : [d514de73-8b1a-4179-be1b-5cafde6e7d09] Success to connect to server [192.168.86.130:8848] on start up, connectionId = 1768447835258_192.168.86.1_61173
11:30:33:443  INFO 6072 --- [main] com.alibaba.nacos.common.remote.client   : [d514de73-8b1a-4179-be1b-5cafde6e7d09] Register server push request handler:com.alibaba.nacos.common.remote.client.RpcClient$ConnectResetRequestHandler
11:30:33:443  INFO 6072 --- [main] com.alibaba.nacos.common.remote.client   : [d514de73-8b1a-4179-be1b-5cafde6e7d09] Register server push request handler:com.alibaba.nacos.common.remote.client.RpcClient$$Lambda$464/0x000000080043d840
11:30:33:443  INFO 6072 --- [com.alibaba.nacos.client.remote.worker] com.alibaba.nacos.common.remote.client   : [d514de73-8b1a-4179-be1b-5cafde6e7d09] Notify connected event to listeners.
11:30:33:851  INFO 6072 --- [main] o.s.b.web.embedded.netty.NettyWebServer  : Netty started on port 8080
11:30:34:047  INFO 6072 --- [nacos-grpc-client-executor-5] com.alibaba.nacos.common.remote.client   : [d514de73-8b1a-4179-be1b-5cafde6e7d09] Receive server push request, request = NotifySubscriberRequest, requestId = 6
11:30:34:061  INFO 6072 --- [nacos-grpc-client-executor-5] com.alibaba.nacos.common.remote.client   : [d514de73-8b1a-4179-be1b-5cafde6e7d09] Ack server push request, request = NotifySubscriberRequest, requestId = 6
11:30:34:323  INFO 6072 --- [main] c.a.c.n.registry.NacosServiceRegistry    : nacos registry, DEFAULT_GROUP gateway 192.168.174.1:8080 register finished
11:30:34:335  INFO 6072 --- [main] com.hmall.gateway.GatewayApplication     : Started GatewayApplication in 5.904 seconds (JVM running for 6.731)
11:30:34:337  INFO 6072 --- [main] c.a.c.n.refresh.NacosContextRefresher    : [Nacos Config] Listening config: dataId=gateway.yaml, group=DEFAULT_GROUP
11:30:34:338  INFO 6072 --- [main] c.a.c.n.refresh.NacosContextRefresher    : [Nacos Config] Listening config: dataId=gateway-dev.yaml, group=DEFAULT_GROUP
11:30:34:338  INFO 6072 --- [main] c.a.c.n.refresh.NacosContextRefresher    : [Nacos Config] Listening config: dataId=gateway, group=DEFAULT_GROUP
11:30:34:839  INFO 6072 --- [nacos-grpc-client-executor-9] com.alibaba.nacos.common.remote.client   : [d514de73-8b1a-4179-be1b-5cafde6e7d09] Receive server push request, request = NotifySubscriberRequest, requestId = 7
11:30:34:852  INFO 6072 --- [nacos-grpc-client-executor-9] com.alibaba.nacos.common.remote.client   : [d514de73-8b1a-4179-be1b-5cafde6e7d09] Ack server push request, request = NotifySubscriberRequest, requestId = 7
11:39:33:190  INFO 6072 --- [nacos-grpc-client-executor-124] com.alibaba.nacos.common.remote.client   : [d514de73-8b1a-4179-be1b-5cafde6e7d09] Receive server push request, request = NotifySubscriberRequest, requestId = 15
11:39:33:190  INFO 6072 --- [nacos-grpc-client-executor-124] com.alibaba.nacos.common.remote.client   : [d514de73-8b1a-4179-be1b-5cafde6e7d09] Ack server push request, request = NotifySubscriberRequest, requestId = 15
11:39:34:093  INFO 6072 --- [nacos-grpc-client-executor-127] com.alibaba.nacos.common.remote.client   : [d514de73-8b1a-4179-be1b-5cafde6e7d09] Receive server push request, request = NotifySubscriberRequest, requestId = 16
11:39:34:093  INFO 6072 --- [nacos-grpc-client-executor-127] com.alibaba.nacos.common.remote.client   : [d514de73-8b1a-4179-be1b-5cafde6e7d09] Ack server push request, request = NotifySubscriberRequest, requestId = 16
11:39:45:811  INFO 6072 --- [nacos-grpc-client-executor-132] com.alibaba.nacos.common.remote.client   : [d514de73-8b1a-4179-be1b-5cafde6e7d09] Receive server push request, request = NotifySubscriberRequest, requestId = 18
11:39:45:811  INFO 6072 --- [nacos-grpc-client-executor-132] com.alibaba.nacos.common.remote.client   : [d514de73-8b1a-4179-be1b-5cafde6e7d09] Ack server push request, request = NotifySubscriberRequest, requestId = 18
11:39:47:214  INFO 6072 --- [nacos-grpc-client-executor-135] com.alibaba.nacos.common.remote.client   : [d514de73-8b1a-4179-be1b-5cafde6e7d09] Receive server push request, request = NotifySubscriberRequest, requestId = 21
11:39:47:214  INFO 6072 --- [nacos-grpc-client-executor-135] com.alibaba.nacos.common.remote.client   : [d514de73-8b1a-4179-be1b-5cafde6e7d09] Ack server push request, request = NotifySubscriberRequest, requestId = 21
13:08:33:543  WARN 6072 --- [Thread-1] c.a.n.common.http.HttpClientBeanHolder   : [HttpClientBeanHolder] Start destroying common HttpClient
13:08:33:543  WARN 6072 --- [Thread-5] c.a.nacos.common.notify.NotifyCenter     : [NotifyCenter] Start destroying Publisher
13:08:33:548  WARN 6072 --- [Thread-5] c.a.nacos.common.notify.NotifyCenter     : [NotifyCenter] Destruction of the end
13:08:33:549  WARN 6072 --- [Thread-1] c.a.n.common.http.HttpClientBeanHolder   : [HttpClientBeanHolder] Destruction of the end
13:08:33:590  INFO 6072 --- [SpringApplicationShutdownHook] c.a.c.n.registry.NacosServiceRegistry    : De-registering from Nacos Server now...
13:08:33:594  INFO 6072 --- [SpringApplicationShutdownHook] c.a.c.n.registry.NacosServiceRegistry    : De-registration finished.
13:08:33:914  INFO 6072 --- [SpringApplicationShutdownHook] com.alibaba.nacos.common.remote.client   : Shutdown rpc client, set status to shutdown
13:08:33:914  INFO 6072 --- [SpringApplicationShutdownHook] com.alibaba.nacos.common.remote.client   : Shutdown client event executor java.util.concurrent.ScheduledThreadPoolExecutor@5a927695[Running, pool size = 2, active threads = 2, queued tasks = 0, completed tasks = 0]
13:08:33:915  INFO 6072 --- [SpringApplicationShutdownHook] com.alibaba.nacos.common.remote.client   : Close current connection 1768447835258_192.168.86.1_61173
13:08:33:917  INFO 6072 --- [nacos-grpc-client-executor-949] c.a.n.c.remote.client.grpc.GrpcClient    : [1768447835258_192.168.86.1_61173]Ignore complete event,isRunning:false,isAbandon=false
13:08:33:925  INFO 6072 --- [SpringApplicationShutdownHook] c.a.n.c.remote.client.grpc.GrpcClient    : Shutdown grpc executor java.util.concurrent.ThreadPoolExecutor@60341e44[Running, pool size = 5, active threads = 0, queued tasks = 0, completed tasks = 950]
18:58:45:221  INFO 32256 --- [main] com.hmall.gateway.GatewayApplication     : The following 1 profile is active: "dev"
18:58:45:635  INFO 32256 --- [main] o.s.cloud.context.scope.GenericScope     : BeanFactory id=f3992655-5d5d-3628-8942-d79751412408
18:58:45:662  INFO 32256 --- [main] trationDelegate$BeanPostProcessorChecker : Bean 'org.springframework.cloud.client.loadbalancer.reactive.LoadBalancerBeanPostProcessorAutoConfiguration' of type [org.springframework.cloud.client.loadbalancer.reactive.LoadBalancerBeanPostProcessorAutoConfiguration] is not eligible for getting processed by all BeanPostProcessors (for example: not eligible for auto-proxying)
18:58:45:663  INFO 32256 --- [main] trationDelegate$BeanPostProcessorChecker : Bean 'org.springframework.cloud.client.loadbalancer.reactive.LoadBalancerBeanPostProcessorAutoConfiguration$ReactorDeferringLoadBalancerFilterConfig' of type [org.springframework.cloud.client.loadbalancer.reactive.LoadBalancerBeanPostProcessorAutoConfiguration$ReactorDeferringLoadBalancerFilterConfig] is not eligible for getting processed by all BeanPostProcessors (for example: not eligible for auto-proxying)
18:58:45:664  INFO 32256 --- [main] trationDelegate$BeanPostProcessorChecker : Bean 'reactorDeferringLoadBalancerExchangeFilterFunction' of type [org.springframework.cloud.client.loadbalancer.reactive.DeferringLoadBalancerExchangeFilterFunction] is not eligible for getting processed by all BeanPostProcessors (for example: not eligible for auto-proxying)
18:58:46:033 DEBUG 32256 --- [main] c.h.gateway.routers.DynamicRouteLoader   : 监听到路由配置变更:[
    {
        "id": "item",
        "predicates": [{
            "name": "Path",
            "args": {"_genkey_0":"/items/**", "_genkey_1":"/search/**"}
        }],
        "filters": [],
        "uri": "lb://item-service"
    },
    {
        "id": "cart",
        "predicates": [{
            "name": "Path",
            "args": {"_genkey_0":"/carts/**"}
        }],
        "filters": [],
        "uri": "lb://cart-service"
    },
    {
        "id": "user",
        "predicates": [{
            "name": "Path",
            "args": {"_genkey_0":"/users/**", "_genkey_1":"/addresses/**"}
        }],
        "filters": [],
        "uri": "lb://user-service"
    },
    {
        "id": "trade",
        "predicates": [{
            "name": "Path",
            "args": {"_genkey_0":"/orders/**"}
        }],
        "filters": [],
        "uri": "lb://trade-service"
    },
    {
        "id": "pay",
        "predicates": [{
            "name": "Path",
            "args": {"_genkey_0":"/pay-orders/**"}
        }],
        "filters": [],
        "uri": "lb://pay-service"
    }
]
18:58:46:668  INFO 32256 --- [main] o.s.c.g.r.RouteDefinitionRouteLocator    : Loaded RoutePredicateFactory [After]
18:58:46:668  INFO 32256 --- [main] o.s.c.g.r.RouteDefinitionRouteLocator    : Loaded RoutePredicateFactory [Before]
18:58:46:668  INFO 32256 --- [main] o.s.c.g.r.RouteDefinitionRouteLocator    : Loaded RoutePredicateFactory [Between]
18:58:46:668  INFO 32256 --- [main] o.s.c.g.r.RouteDefinitionRouteLocator    : Loaded RoutePredicateFactory [Cookie]
18:58:46:668  INFO 32256 --- [main] o.s.c.g.r.RouteDefinitionRouteLocator    : Loaded RoutePredicateFactory [Header]
18:58:46:668  INFO 32256 --- [main] o.s.c.g.r.RouteDefinitionRouteLocator    : Loaded RoutePredicateFactory [Host]
18:58:46:668  INFO 32256 --- [main] o.s.c.g.r.RouteDefinitionRouteLocator    : Loaded RoutePredicateFactory [Method]
18:58:46:668  INFO 32256 --- [main] o.s.c.g.r.RouteDefinitionRouteLocator    : Loaded RoutePredicateFactory [Path]
18:58:46:668  INFO 32256 --- [main] o.s.c.g.r.RouteDefinitionRouteLocator    : Loaded RoutePredicateFactory [Query]
18:58:46:669  INFO 32256 --- [main] o.s.c.g.r.RouteDefinitionRouteLocator    : Loaded RoutePredicateFactory [ReadBody]
18:58:46:669  INFO 32256 --- [main] o.s.c.g.r.RouteDefinitionRouteLocator    : Loaded RoutePredicateFactory [RemoteAddr]
18:58:46:669  INFO 32256 --- [main] o.s.c.g.r.RouteDefinitionRouteLocator    : Loaded RoutePredicateFactory [XForwardedRemoteAddr]
18:58:46:669  INFO 32256 --- [main] o.s.c.g.r.RouteDefinitionRouteLocator    : Loaded RoutePredicateFactory [Weight]
18:58:46:669  INFO 32256 --- [main] o.s.c.g.r.RouteDefinitionRouteLocator    : Loaded RoutePredicateFactory [CloudFoundryRouteService]
18:58:47:041  INFO 32256 --- [main] com.alibaba.nacos.common.remote.client   : [RpcClientFactory] create a new rpc client of fae9def1-0cb8-46ec-be7d-eb71f0ebb6e2
18:58:47:041  INFO 32256 --- [main] com.alibaba.nacos.common.remote.client   : [fae9def1-0cb8-46ec-be7d-eb71f0ebb6e2] RpcClient init label, labels = {module=naming, source=sdk}
18:58:47:042  INFO 32256 --- [main] com.alibaba.nacos.common.remote.client   : [fae9def1-0cb8-46ec-be7d-eb71f0ebb6e2] RpcClient init, ServerListFactory = com.alibaba.nacos.client.naming.core.ServerListManager
18:58:47:042  INFO 32256 --- [main] com.alibaba.nacos.common.remote.client   : [fae9def1-0cb8-46ec-be7d-eb71f0ebb6e2] Registry connection listener to current client:com.alibaba.nacos.client.naming.remote.gprc.redo.NamingGrpcRedoService
18:58:47:042  INFO 32256 --- [main] com.alibaba.nacos.common.remote.client   : [fae9def1-0cb8-46ec-be7d-eb71f0ebb6e2] Register server push request handler:com.alibaba.nacos.client.naming.remote.gprc.NamingPushRequestHandler
18:58:47:042  INFO 32256 --- [main] com.alibaba.nacos.common.remote.client   : [fae9def1-0cb8-46ec-be7d-eb71f0ebb6e2] Try to connect to server on start up, server: {serverIp = '192.168.86.130', server main port = 8848}
18:58:47:163  INFO 32256 --- [main] com.alibaba.nacos.common.remote.client   : [fae9def1-0cb8-46ec-be7d-eb71f0ebb6e2] Success to connect to server [192.168.86.130:8848] on start up, connectionId = 1768469755015_192.168.86.1_58577
18:58:47:163  INFO 32256 --- [main] com.alibaba.nacos.common.remote.client   : [fae9def1-0cb8-46ec-be7d-eb71f0ebb6e2] Register server push request handler:com.alibaba.nacos.common.remote.client.RpcClient$ConnectResetRequestHandler
18:58:47:163  INFO 32256 --- [main] com.alibaba.nacos.common.remote.client   : [fae9def1-0cb8-46ec-be7d-eb71f0ebb6e2] Register server push request handler:com.alibaba.nacos.common.remote.client.RpcClient$$Lambda$464/0x000000080043d840
18:58:47:163  INFO 32256 --- [com.alibaba.nacos.client.remote.worker] com.alibaba.nacos.common.remote.client   : [fae9def1-0cb8-46ec-be7d-eb71f0ebb6e2] Notify connected event to listeners.
18:58:47:412  INFO 32256 --- [main] o.s.b.web.embedded.netty.NettyWebServer  : Netty started on port 8080
18:58:47:676  INFO 32256 --- [nacos-grpc-client-executor-6] com.alibaba.nacos.common.remote.client   : [fae9def1-0cb8-46ec-be7d-eb71f0ebb6e2] Receive server push request, request = NotifySubscriberRequest, requestId = 31
18:58:47:688  INFO 32256 --- [nacos-grpc-client-executor-6] com.alibaba.nacos.common.remote.client   : [fae9def1-0cb8-46ec-be7d-eb71f0ebb6e2] Ack server push request, request = NotifySubscriberRequest, requestId = 31
18:58:47:767  INFO 32256 --- [main] c.a.c.n.registry.NacosServiceRegistry    : nacos registry, DEFAULT_GROUP gateway 192.168.174.1:8080 register finished
18:58:47:778  INFO 32256 --- [main] com.hmall.gateway.GatewayApplication     : Started GatewayApplication in 4.955 seconds (JVM running for 5.655)
18:58:47:781  INFO 32256 --- [main] c.a.c.n.refresh.NacosContextRefresher    : [Nacos Config] Listening config: dataId=gateway.yaml, group=DEFAULT_GROUP
18:58:47:782  INFO 32256 --- [main] c.a.c.n.refresh.NacosContextRefresher    : [Nacos Config] Listening config: dataId=gateway-dev.yaml, group=DEFAULT_GROUP
18:58:47:782  INFO 32256 --- [main] c.a.c.n.refresh.NacosContextRefresher    : [Nacos Config] Listening config: dataId=gateway, group=DEFAULT_GROUP
18:58:48:320  INFO 32256 --- [nacos-grpc-client-executor-11] com.alibaba.nacos.common.remote.client   : [fae9def1-0cb8-46ec-be7d-eb71f0ebb6e2] Receive server push request, request = NotifySubscriberRequest, requestId = 32
18:58:48:332  INFO 32256 --- [nacos-grpc-client-executor-11] com.alibaba.nacos.common.remote.client   : [fae9def1-0cb8-46ec-be7d-eb71f0ebb6e2] Ack server push request, request = NotifySubscriberRequest, requestId = 32
19:00:13:944  INFO 32256 --- [nacos-grpc-client-executor-34] com.alibaba.nacos.common.remote.client   : [fae9def1-0cb8-46ec-be7d-eb71f0ebb6e2] Receive server push request, request = NotifySubscriberRequest, requestId = 38
19:00:13:944  INFO 32256 --- [nacos-grpc-client-executor-34] com.alibaba.nacos.common.remote.client   : [fae9def1-0cb8-46ec-be7d-eb71f0ebb6e2] Ack server push request, request = NotifySubscriberRequest, requestId = 38
19:00:14:687  INFO 32256 --- [nacos-grpc-client-executor-37] com.alibaba.nacos.common.remote.client   : [fae9def1-0cb8-46ec-be7d-eb71f0ebb6e2] Receive server push request, request = NotifySubscriberRequest, requestId = 39
19:00:14:687  INFO 32256 --- [nacos-grpc-client-executor-37] com.alibaba.nacos.common.remote.client   : [fae9def1-0cb8-46ec-be7d-eb71f0ebb6e2] Ack server push request, request = NotifySubscriberRequest, requestId = 39
19:00:40:922  INFO 32256 --- [nacos-grpc-client-executor-45] com.alibaba.nacos.common.remote.client   : [fae9def1-0cb8-46ec-be7d-eb71f0ebb6e2] Receive server push request, request = NotifySubscriberRequest, requestId = 41
19:00:40:931  INFO 32256 --- [nacos-grpc-client-executor-45] com.alibaba.nacos.common.remote.client   : [fae9def1-0cb8-46ec-be7d-eb71f0ebb6e2] Ack server push request, request = NotifySubscriberRequest, requestId = 41
19:00:53:404  INFO 32256 --- [nacos-grpc-client-executor-50] com.alibaba.nacos.common.remote.client   : [fae9def1-0cb8-46ec-be7d-eb71f0ebb6e2] Receive server push request, request = NotifySubscriberRequest, requestId = 42
19:00:53:404  INFO 32256 --- [nacos-grpc-client-executor-50] com.alibaba.nacos.common.remote.client   : [fae9def1-0cb8-46ec-be7d-eb71f0ebb6e2] Ack server push request, request = NotifySubscriberRequest, requestId = 42
19:00:54:700  INFO 32256 --- [nacos-grpc-client-executor-53] com.alibaba.nacos.common.remote.client   : [fae9def1-0cb8-46ec-be7d-eb71f0ebb6e2] Receive server push request, request = NotifySubscriberRequest, requestId = 45
19:00:54:703  INFO 32256 --- [nacos-grpc-client-executor-53] com.alibaba.nacos.common.remote.client   : [fae9def1-0cb8-46ec-be7d-eb71f0ebb6e2] Ack server push request, request = NotifySubscriberRequest, requestId = 45
19:07:35:000  INFO 32256 --- [nacos-grpc-client-executor-147] com.alibaba.nacos.common.remote.client   : [fae9def1-0cb8-46ec-be7d-eb71f0ebb6e2] Receive server push request, request = NotifySubscriberRequest, requestId = 47
19:07:35:017  INFO 32256 --- [nacos-grpc-client-executor-147] com.alibaba.nacos.common.remote.client   : [fae9def1-0cb8-46ec-be7d-eb71f0ebb6e2] Ack server push request, request = NotifySubscriberRequest, requestId = 47
19:07:45:063  INFO 32256 --- [nacos-grpc-client-executor-149] com.alibaba.nacos.common.remote.client   : [fae9def1-0cb8-46ec-be7d-eb71f0ebb6e2] Receive server push request, request = NotifySubscriberRequest, requestId = 49
19:07:45:079  INFO 32256 --- [nacos-grpc-client-executor-149] com.alibaba.nacos.common.remote.client   : [fae9def1-0cb8-46ec-be7d-eb71f0ebb6e2] Ack server push request, request = NotifySubscriberRequest, requestId = 49
19:13:37:923  INFO 32256 --- [nacos-grpc-client-executor-233] com.alibaba.nacos.common.remote.client   : [fae9def1-0cb8-46ec-be7d-eb71f0ebb6e2] Receive server push request, request = ClientDetectionRequest, requestId = 56
19:13:37:923  INFO 32256 --- [nacos-grpc-client-executor-201] com.alibaba.nacos.common.remote.client   : [60ed71a9-3b8d-47be-a670-684fb7e2b9fc_config-0] Receive server push request, request = ClientDetectionRequest, requestId = 61
19:13:37:923  INFO 32256 --- [nacos-grpc-client-executor-233] com.alibaba.nacos.common.remote.client   : [fae9def1-0cb8-46ec-be7d-eb71f0ebb6e2] Ack server push request, request = ClientDetectionRequest, requestId = 56
19:13:37:923  INFO 32256 --- [nacos-grpc-client-executor-201] com.alibaba.nacos.common.remote.client   : [60ed71a9-3b8d-47be-a670-684fb7e2b9fc_config-0] Ack server push request, request = ClientDetectionRequest, requestId = 61
19:14:29:325  WARN 32256 --- [Thread-5] c.a.nacos.common.notify.NotifyCenter     : [NotifyCenter] Start destroying Publisher
19:14:29:325  WARN 32256 --- [Thread-1] c.a.n.common.http.HttpClientBeanHolder   : [HttpClientBeanHolder] Start destroying common HttpClient
19:14:29:326  WARN 32256 --- [Thread-5] c.a.nacos.common.notify.NotifyCenter     : [NotifyCenter] Destruction of the end
19:14:29:326  WARN 32256 --- [Thread-1] c.a.n.common.http.HttpClientBeanHolder   : [HttpClientBeanHolder] Destruction of the end
19:14:29:336  INFO 32256 --- [SpringApplicationShutdownHook] c.a.c.n.registry.NacosServiceRegistry    : De-registering from Nacos Server now...
19:14:29:339  INFO 32256 --- [SpringApplicationShutdownHook] c.a.c.n.registry.NacosServiceRegistry    : De-registration finished.
19:14:29:670  INFO 32256 --- [SpringApplicationShutdownHook] com.alibaba.nacos.common.remote.client   : Shutdown rpc client, set status to shutdown
19:14:29:671  INFO 32256 --- [SpringApplicationShutdownHook] com.alibaba.nacos.common.remote.client   : Shutdown client event executor java.util.concurrent.ScheduledThreadPoolExecutor@4c50e589[Running, pool size = 2, active threads = 2, queued tasks = 0, completed tasks = 0]
19:14:29:671  INFO 32256 --- [SpringApplicationShutdownHook] com.alibaba.nacos.common.remote.client   : Close current connection 1768469755015_192.168.86.1_58577
19:14:29:672  INFO 32256 --- [nacos-grpc-client-executor-248] c.a.n.c.remote.client.grpc.GrpcClient    : [1768469755015_192.168.86.1_58577]Ignore complete event,isRunning:false,isAbandon=false
19:14:29:674  INFO 32256 --- [SpringApplicationShutdownHook] c.a.n.c.remote.client.grpc.GrpcClient    : Shutdown grpc executor java.util.concurrent.ThreadPoolExecutor@504f8651[Running, pool size = 5, active threads = 0, queued tasks = 0, completed tasks = 249]
19:14:37:651  INFO 33708 --- [main] com.hmall.gateway.GatewayApplication     : The following 1 profile is active: "dev"
19:14:38:177  INFO 33708 --- [main] o.s.cloud.context.scope.GenericScope     : BeanFactory id=f3992655-5d5d-3628-8942-d79751412408
19:14:38:215  INFO 33708 --- [main] trationDelegate$BeanPostProcessorChecker : Bean 'org.springframework.cloud.client.loadbalancer.reactive.LoadBalancerBeanPostProcessorAutoConfiguration' of type [org.springframework.cloud.client.loadbalancer.reactive.LoadBalancerBeanPostProcessorAutoConfiguration] is not eligible for getting processed by all BeanPostProcessors (for example: not eligible for auto-proxying)
19:14:38:216  INFO 33708 --- [main] trationDelegate$BeanPostProcessorChecker : Bean 'org.springframework.cloud.client.loadbalancer.reactive.LoadBalancerBeanPostProcessorAutoConfiguration$ReactorDeferringLoadBalancerFilterConfig' of type [org.springframework.cloud.client.loadbalancer.reactive.LoadBalancerBeanPostProcessorAutoConfiguration$ReactorDeferringLoadBalancerFilterConfig] is not eligible for getting processed by all BeanPostProcessors (for example: not eligible for auto-proxying)
19:14:38:217  INFO 33708 --- [main] trationDelegate$BeanPostProcessorChecker : Bean 'reactorDeferringLoadBalancerExchangeFilterFunction' of type [org.springframework.cloud.client.loadbalancer.reactive.DeferringLoadBalancerExchangeFilterFunction] is not eligible for getting processed by all BeanPostProcessors (for example: not eligible for auto-proxying)
19:14:38:746 DEBUG 33708 --- [main] c.h.gateway.routers.DynamicRouteLoader   : 监听到路由配置变更:[
    {
        "id": "item",
        "predicates": [{
            "name": "Path",
            "args": {"_genkey_0":"/items/**", "_genkey_1":"/search/**"}
        }],
        "filters": [],
        "uri": "lb://item-service"
    },
    {
        "id": "cart",
        "predicates": [{
            "name": "Path",
            "args": {"_genkey_0":"/carts/**"}
        }],
        "filters": [],
        "uri": "lb://cart-service"
    },
    {
        "id": "user",
        "predicates": [{
            "name": "Path",
            "args": {"_genkey_0":"/users/**", "_genkey_1":"/addresses/**"}
        }],
        "filters": [],
        "uri": "lb://user-service"
    },
    {
        "id": "trade",
        "predicates": [{
            "name": "Path",
            "args": {"_genkey_0":"/orders/**"}
        }],
        "filters": [],
        "uri": "lb://trade-service"
    },
    {
        "id": "pay",
        "predicates": [{
            "name": "Path",
            "args": {"_genkey_0":"/pay-orders/**"}
        }],
        "filters": [],
        "uri": "lb://pay-service"
    }
]
19:14:39:789  INFO 33708 --- [main] o.s.c.g.r.RouteDefinitionRouteLocator    : Loaded RoutePredicateFactory [After]
19:14:39:789  INFO 33708 --- [main] o.s.c.g.r.RouteDefinitionRouteLocator    : Loaded RoutePredicateFactory [Before]
19:14:39:789  INFO 33708 --- [main] o.s.c.g.r.RouteDefinitionRouteLocator    : Loaded RoutePredicateFactory [Between]
19:14:39:789  INFO 33708 --- [main] o.s.c.g.r.RouteDefinitionRouteLocator    : Loaded RoutePredicateFactory [Cookie]
19:14:39:790  INFO 33708 --- [main] o.s.c.g.r.RouteDefinitionRouteLocator    : Loaded RoutePredicateFactory [Header]
19:14:39:790  INFO 33708 --- [main] o.s.c.g.r.RouteDefinitionRouteLocator    : Loaded RoutePredicateFactory [Host]
19:14:39:790  INFO 33708 --- [main] o.s.c.g.r.RouteDefinitionRouteLocator    : Loaded RoutePredicateFactory [Method]
19:14:39:790  INFO 33708 --- [main] o.s.c.g.r.RouteDefinitionRouteLocator    : Loaded RoutePredicateFactory [Path]
19:14:39:790  INFO 33708 --- [main] o.s.c.g.r.RouteDefinitionRouteLocator    : Loaded RoutePredicateFactory [Query]
19:14:39:791  INFO 33708 --- [main] o.s.c.g.r.RouteDefinitionRouteLocator    : Loaded RoutePredicateFactory [ReadBody]
19:14:39:791  INFO 33708 --- [main] o.s.c.g.r.RouteDefinitionRouteLocator    : Loaded RoutePredicateFactory [RemoteAddr]
19:14:39:791  INFO 33708 --- [main] o.s.c.g.r.RouteDefinitionRouteLocator    : Loaded RoutePredicateFactory [XForwardedRemoteAddr]
19:14:39:791  INFO 33708 --- [main] o.s.c.g.r.RouteDefinitionRouteLocator    : Loaded RoutePredicateFactory [Weight]
19:14:39:791  INFO 33708 --- [main] o.s.c.g.r.RouteDefinitionRouteLocator    : Loaded RoutePredicateFactory [CloudFoundryRouteService]
19:14:40:344  INFO 33708 --- [main] com.alibaba.nacos.common.remote.client   : [RpcClientFactory] create a new rpc client of cd46099e-da65-4f5a-84d5-69e8e68c0559
19:14:40:344  INFO 33708 --- [main] com.alibaba.nacos.common.remote.client   : [cd46099e-da65-4f5a-84d5-69e8e68c0559] RpcClient init label, labels = {module=naming, source=sdk}
19:14:40:346  INFO 33708 --- [main] com.alibaba.nacos.common.remote.client   : [cd46099e-da65-4f5a-84d5-69e8e68c0559] RpcClient init, ServerListFactory = com.alibaba.nacos.client.naming.core.ServerListManager
19:14:40:347  INFO 33708 --- [main] com.alibaba.nacos.common.remote.client   : [cd46099e-da65-4f5a-84d5-69e8e68c0559] Registry connection listener to current client:com.alibaba.nacos.client.naming.remote.gprc.redo.NamingGrpcRedoService
19:14:40:347  INFO 33708 --- [main] com.alibaba.nacos.common.remote.client   : [cd46099e-da65-4f5a-84d5-69e8e68c0559] Register server push request handler:com.alibaba.nacos.client.naming.remote.gprc.NamingPushRequestHandler
19:14:40:348  INFO 33708 --- [main] com.alibaba.nacos.common.remote.client   : [cd46099e-da65-4f5a-84d5-69e8e68c0559] Try to connect to server on start up, server: {serverIp = '192.168.86.130', server main port = 8848}
19:14:40:473  INFO 33708 --- [main] com.alibaba.nacos.common.remote.client   : [cd46099e-da65-4f5a-84d5-69e8e68c0559] Success to connect to server [192.168.86.130:8848] on start up, connectionId = 1768475687207_192.168.86.1_55288
19:14:40:473  INFO 33708 --- [main] com.alibaba.nacos.common.remote.client   : [cd46099e-da65-4f5a-84d5-69e8e68c0559] Register server push request handler:com.alibaba.nacos.common.remote.client.RpcClient$ConnectResetRequestHandler
19:14:40:473  INFO 33708 --- [main] com.alibaba.nacos.common.remote.client   : [cd46099e-da65-4f5a-84d5-69e8e68c0559] Register server push request handler:com.alibaba.nacos.common.remote.client.RpcClient$$Lambda$464/0x0000000800445840
19:14:40:473  INFO 33708 --- [com.alibaba.nacos.client.remote.worker] com.alibaba.nacos.common.remote.client   : [cd46099e-da65-4f5a-84d5-69e8e68c0559] Notify connected event to listeners.
19:14:40:846  INFO 33708 --- [main] o.s.b.web.embedded.netty.NettyWebServer  : Netty started on port 8080
19:14:41:067  INFO 33708 --- [nacos-grpc-client-executor-4] com.alibaba.nacos.common.remote.client   : [cd46099e-da65-4f5a-84d5-69e8e68c0559] Receive server push request, request = NotifySubscriberRequest, requestId = 75
19:14:41:079  INFO 33708 --- [nacos-grpc-client-executor-4] com.alibaba.nacos.common.remote.client   : [cd46099e-da65-4f5a-84d5-69e8e68c0559] Ack server push request, request = NotifySubscriberRequest, requestId = 75
19:14:41:419  INFO 33708 --- [main] c.a.c.n.registry.NacosServiceRegistry    : nacos registry, DEFAULT_GROUP gateway 192.168.174.1:8080 register finished
19:14:41:440  INFO 33708 --- [main] com.hmall.gateway.GatewayApplication     : Started GatewayApplication in 6.395 seconds (JVM running for 7.162)
19:14:41:443  INFO 33708 --- [main] c.a.c.n.refresh.NacosContextRefresher    : [Nacos Config] Listening config: dataId=gateway.yaml, group=DEFAULT_GROUP
19:14:41:443  INFO 33708 --- [main] c.a.c.n.refresh.NacosContextRefresher    : [Nacos Config] Listening config: dataId=gateway-dev.yaml, group=DEFAULT_GROUP
19:14:41:444  INFO 33708 --- [main] c.a.c.n.refresh.NacosContextRefresher    : [Nacos Config] Listening config: dataId=gateway, group=DEFAULT_GROUP
19:14:41:958  INFO 33708 --- [nacos-grpc-client-executor-7] com.alibaba.nacos.common.remote.client   : [cd46099e-da65-4f5a-84d5-69e8e68c0559] Receive server push request, request = NotifySubscriberRequest, requestId = 76
19:14:41:973  INFO 33708 --- [nacos-grpc-client-executor-7] com.alibaba.nacos.common.remote.client   : [cd46099e-da65-4f5a-84d5-69e8e68c0559] Ack server push request, request = NotifySubscriberRequest, requestId = 76
19:15:02:888  INFO 33708 --- [nacos-grpc-client-executor-13] com.alibaba.nacos.common.remote.client   : [cd46099e-da65-4f5a-84d5-69e8e68c0559] Receive server push request, request = NotifySubscriberRequest, requestId = 82
19:15:02:888  INFO 33708 --- [nacos-grpc-client-executor-13] com.alibaba.nacos.common.remote.client   : [cd46099e-da65-4f5a-84d5-69e8e68c0559] Ack server push request, request = NotifySubscriberRequest, requestId = 82
19:15:03:391  INFO 33708 --- [nacos-grpc-client-executor-16] com.alibaba.nacos.common.remote.client   : [cd46099e-da65-4f5a-84d5-69e8e68c0559] Receive server push request, request = NotifySubscriberRequest, requestId = 84
19:15:03:391  INFO 33708 --- [nacos-grpc-client-executor-16] com.alibaba.nacos.common.remote.client   : [cd46099e-da65-4f5a-84d5-69e8e68c0559] Ack server push request, request = NotifySubscriberRequest, requestId = 84
19:15:06:392  INFO 33708 --- [nacos-grpc-client-executor-19] com.alibaba.nacos.common.remote.client   : [cd46099e-da65-4f5a-84d5-69e8e68c0559] Receive server push request, request = NotifySubscriberRequest, requestId = 85
19:15:06:394  INFO 33708 --- [nacos-grpc-client-executor-19] com.alibaba.nacos.common.remote.client   : [cd46099e-da65-4f5a-84d5-69e8e68c0559] Ack server push request, request = NotifySubscriberRequest, requestId = 85
19:15:07:797  INFO 33708 --- [nacos-grpc-client-executor-22] com.alibaba.nacos.common.remote.client   : [cd46099e-da65-4f5a-84d5-69e8e68c0559] Receive server push request, request = NotifySubscriberRequest, requestId = 86
19:15:07:797  INFO 33708 --- [nacos-grpc-client-executor-22] com.alibaba.nacos.common.remote.client   : [cd46099e-da65-4f5a-84d5-69e8e68c0559] Ack server push request, request = NotifySubscriberRequest, requestId = 86
19:15:08:894  INFO 33708 --- [nacos-grpc-client-executor-25] com.alibaba.nacos.common.remote.client   : [cd46099e-da65-4f5a-84d5-69e8e68c0559] Receive server push request, request = NotifySubscriberRequest, requestId = 89
19:15:08:894  INFO 33708 --- [nacos-grpc-client-executor-25] com.alibaba.nacos.common.remote.client   : [cd46099e-da65-4f5a-84d5-69e8e68c0559] Ack server push request, request = NotifySubscriberRequest, requestId = 89
19:15:25:176  WARN 33708 --- [Thread-5] c.a.nacos.common.notify.NotifyCenter     : [NotifyCenter] Start destroying Publisher
19:15:25:176  WARN 33708 --- [Thread-1] c.a.n.common.http.HttpClientBeanHolder   : [HttpClientBeanHolder] Start destroying common HttpClient
19:15:25:176  WARN 33708 --- [Thread-5] c.a.nacos.common.notify.NotifyCenter     : [NotifyCenter] Destruction of the end
19:15:25:177  WARN 33708 --- [Thread-1] c.a.n.common.http.HttpClientBeanHolder   : [HttpClientBeanHolder] Destruction of the end
19:15:25:191  INFO 33708 --- [SpringApplicationShutdownHook] c.a.c.n.registry.NacosServiceRegistry    : De-registering from Nacos Server now...
19:15:25:196  INFO 33708 --- [SpringApplicationShutdownHook] c.a.c.n.registry.NacosServiceRegistry    : De-registration finished.
19:15:25:526  INFO 33708 --- [SpringApplicationShutdownHook] com.alibaba.nacos.common.remote.client   : Shutdown rpc client, set status to shutdown
19:15:25:526  INFO 33708 --- [SpringApplicationShutdownHook] com.alibaba.nacos.common.remote.client   : Shutdown client event executor java.util.concurrent.ScheduledThreadPoolExecutor@37754e0b[Running, pool size = 2, active threads = 2, queued tasks = 0, completed tasks = 0]
19:15:25:526  INFO 33708 --- [SpringApplicationShutdownHook] com.alibaba.nacos.common.remote.client   : Close current connection 1768475687207_192.168.86.1_55288
19:15:25:527  INFO 33708 --- [nacos-grpc-client-executor-31] c.a.n.c.remote.client.grpc.GrpcClient    : [1768475687207_192.168.86.1_55288]Ignore complete event,isRunning:false,isAbandon=false
19:15:25:530  INFO 33708 --- [SpringApplicationShutdownHook] c.a.n.c.remote.client.grpc.GrpcClient    : Shutdown grpc executor java.util.concurrent.ThreadPoolExecutor@697777c9[Running, pool size = 4, active threads = 0, queued tasks = 0, completed tasks = 32]
